[2026-04-23 16:03:43] Starting Oracle Database storage layout configuration
[2026-04-23 16:03:43] Mode: multi_volume
[2026-04-23 16:03:43] Installing required packages...
[2026-04-23 16:05:15] Configuring multi-volume layout
[2026-04-23 16:05:15] Creating DATA volume group...
  Physical volume "/dev/mapper/mpatha" successfully created.
  Physical volume "/dev/mapper/mpathb" successfully created.
  Volume group "vg_data" successfully created
  Logical volume "lv_oradata" created.
mke2fs 1.46.2 (28-Feb-2021)
Creating filesystem with 104855552 4k blocks and 26214400 inodes
Filesystem UUID: 1252040d-0300-45c2-85c0-15fd47c910a4
Superblock backups stored on blocks: 
	32768, 98304, 163840, 229376, 294912, 819200, 884736, 1605632, 2654208, 
	4096000, 7962624, 11239424, 20480000, 23887872, 71663616, 78675968, 
	102400000

Allocating group tables:    0/3200         done                            
Writing inode tables:    0/3200         done                            
Creating journal (262144 blocks): done
Writing superblocks and filesystem accounting information:    0/3200         done

[2026-04-23 16:05:17] Creating REDO volume group...
  Physical volume "/dev/oracleoci/oraclevdd" successfully created.
  Physical volume "/dev/oracleoci/oraclevde" successfully created.
  Volume group "vg_redo" successfully created
  Logical volume "lv_redo" created.
mke2fs 1.46.2 (28-Feb-2021)
Creating filesystem with 26212352 4k blocks and 6553600 inodes
Filesystem UUID: ada241c5-38b0-4c74-837d-15fbe40af409
Superblock backups stored on blocks: 
	32768, 98304, 163840, 229376, 294912, 819200, 884736, 1605632, 2654208, 
	4096000, 7962624, 11239424, 20480000, 23887872

Allocating group tables:   0/800       done                            
Writing inode tables:   0/800       done                            
Creating journal (131072 blocks): done
Writing superblocks and filesystem accounting information:   0/800       done

[2026-04-23 16:05:23] Creating FRA filesystem...
mke2fs 1.46.2 (28-Feb-2021)
Creating filesystem with 26214400 4k blocks and 6553600 inodes
Filesystem UUID: 2600912f-de68-48bf-ba78-bf74d1deec0a
Superblock backups stored on blocks: 
	32768, 98304, 163840, 229376, 294912, 819200, 884736, 1605632, 2654208, 
	4096000, 7962624, 11239424, 20480000, 23887872

Allocating group tables:   0/800       done                            
Writing inode tables:   0/800       done                            
Creating journal (131072 blocks): done
Writing superblocks and filesystem accounting information:   0/800       done

[2026-04-23 16:05:31] Creating mount points and mounting...
[2026-04-23 16:05:32] Multi-volume layout configuration complete
[2026-04-23 16:05:32] === Storage Layout Summary ===
[2026-04-23 16:05:32] Mount points:
Filesystem                      Size  Used Avail Use% Mounted on
/dev/mapper/vg_data-lv_oradata  393G   28K  373G   1% /u02/oradata
/dev/mapper/vg_redo-lv_redo      98G   24K   93G   1% /u03/redo
/dev/sdn                         98G   24K   93G   1% /u04/fra
[2026-04-23 16:05:32] 
[2026-04-23 16:05:32] Block device layout:
NAME                   MAJ:MIN RM  SIZE RO TYPE  MOUNTPOINT
sda                      8:0    0 46.6G  0 disk  
├─sda1                   8:1    0  100M  0 part  /boot/efi
├─sda2                   8:2    0    1G  0 part  /boot
└─sda3                   8:3    0 45.5G  0 part  
  ├─ocivolume-root     252:0    0 35.5G  0 lvm   /
  └─ocivolume-oled     252:1    0   10G  0 lvm   /var/oled
sdb                      8:16   0  200G  0 disk  
└─mpatha               252:2    0  200G  0 mpath 
  └─vg_data-lv_oradata 252:4    0  400G  0 lvm   /u02/oradata
sdc                      8:32   0  200G  0 disk  
└─mpatha               252:2    0  200G  0 mpath 
  └─vg_data-lv_oradata 252:4    0  400G  0 lvm   /u02/oradata
sdd                      8:48   0  200G  0 disk  
└─mpatha               252:2    0  200G  0 mpath 
  └─vg_data-lv_oradata 252:4    0  400G  0 lvm   /u02/oradata
sde                      8:64   0  200G  0 disk  
└─mpatha               252:2    0  200G  0 mpath 
  └─vg_data-lv_oradata 252:4    0  400G  0 lvm   /u02/oradata
sdf                      8:80   0  200G  0 disk  
└─mpatha               252:2    0  200G  0 mpath 
  └─vg_data-lv_oradata 252:4    0  400G  0 lvm   /u02/oradata
sdg                      8:96   0  200G  0 disk  
└─mpathb               252:3    0  200G  0 mpath 
  └─vg_data-lv_oradata 252:4    0  400G  0 lvm   /u02/oradata
sdh                      8:112  0  200G  0 disk  
└─mpathb               252:3    0  200G  0 mpath 
  └─vg_data-lv_oradata 252:4    0  400G  0 lvm   /u02/oradata
sdi                      8:128  0  200G  0 disk  
└─mpathb               252:3    0  200G  0 mpath 
  └─vg_data-lv_oradata 252:4    0  400G  0 lvm   /u02/oradata
sdj                      8:144  0  200G  0 disk  
└─mpathb               252:3    0  200G  0 mpath 
  └─vg_data-lv_oradata 252:4    0  400G  0 lvm   /u02/oradata
sdk                      8:160  0  200G  0 disk  
└─mpathb               252:3    0  200G  0 mpath 
  └─vg_data-lv_oradata 252:4    0  400G  0 lvm   /u02/oradata
sdl                      8:176  0   50G  0 disk  
└─vg_redo-lv_redo      252:5    0  100G  0 lvm   /u03/redo
sdm                      8:192  0   50G  0 disk  
└─vg_redo-lv_redo      252:5    0  100G  0 lvm   /u03/redo
sdn                      8:208  0  100G  0 disk  /u04/fra
[2026-04-23 16:05:32] 
[2026-04-23 16:05:32] LVM status:
  VG        #PV #LV #SN Attr   VSize   VFree
  ocivolume   1   2   0 wz--n-  45.50g    0 
  vg_data     2   1   0 wz--n- 399.99g    0 
  vg_redo     2   1   0 wz--n-  99.99g    0 
  LV         VG        Attr       LSize   Pool Origin Data%  Meta%  Move Log Cpy%Sync Convert
  oled       ocivolume -wi-ao----  10.00g                                                    
  root       ocivolume -wi-ao----  35.50g                                                    
  lv_oradata vg_data   -wi-ao---- 399.99g                                                    
  lv_redo    vg_redo   -wi-ao----  99.99g                                                    
[2026-04-23 16:05:32] Storage layout configuration complete
  8:48   0  200G  0 disk  
└─mpatha               252:2    0  200G  0 mpath 
  └─vg_data-lv_oradata 252:4    0  400G  0 lvm   /u02/oradata
sde                      8:64   0  200G  0 disk  
└─mpatha               252:2    0  200G  0 mpath 
  └─vg_data-lv_oradata 252:4    0  400G  0 lvm   /u02/oradata
sdf                      8:80   0  200G  0 disk  
└─mpatha               252:2    0  200G  0 mpath 
  └─vg_data-lv_oradata 252:4    0  400G  0 lvm   /u02/oradata
sdg                      8:96   0  200G  0 disk  
└─mpathb               252:3    0  200G  0 mpath 
  └─vg_data-lv_oradata 252:4    0  400G  0 lvm   /u02/oradata
sdh                      8:112  0  200G  0 disk  
└─mpathb               252:3    0  200G  0 mpath 
  └─vg_data-lv_oradata 252:4    0  400G  0 lvm   /u02/oradata
sdi                      8:128  0  200G  0 disk  
└─mpathb               252:3    0  200G  0 mpath 
  └─vg_data-lv_oradata 252:4    0  400G  0 lvm   /u02/oradata
sdj                      8:144  0  200G  0 disk  
└─mpathb               252:3    0  200G  0 mpath 
  └─vg_data-lv_oradata 252:4    0  400G  0 lvm   /u02/oradata
sdk                      8:160  0  200G  0 disk  
└─mpathb               252:3    0  200G  0 mpath 
  └─vg_data-lv_oradata 252:4    0  400G  0 lvm   /u02/oradata
sdl                      8:176  0   50G  0 disk  
└─vg_redo-lv_redo      252:5    0  100G  0 lvm   /u03/redo
sdm                      8:192  0   50G  0 disk  
└─vg_redo-lv_redo      252:5    0  100G  0 lvm   /u03/redo
sdn                      8:208  0  100G  0 disk  /u04/fra
[2026-04-23 16:05:32] 
[2026-04-23 16:05:32] LVM status:
  VG        #PV #LV #SN Attr   VSize   VFree
  ocivolume   1   2   0 wz--n-  45.50g    0 
  vg_data     2   1   0 wz--n- 399.99g    0 
  vg_redo     2   1   0 wz--n-  99.99g    0 
  LV         VG        Attr       LSize   Pool Origin Data%  Meta%  Move Log Cpy%Sync Convert
  oled       ocivolume -wi-ao----  10.00g                                                    
  root       ocivolume -wi-ao----  35.50g                                                    
  lv_oradata vg_data   -wi-ao---- 399.99g                                                    
  lv_redo    vg_redo   -wi-ao----  99.99g                                                    
[2026-04-23 16:05:32] Storage layout configuration complete
